// Jest Snapshot v1, https://goo.gl/fbAQLP

exports[`<MainPage /> should render 1`] = `
<div
  className="main"
>
  <div
    className="main-left"
  >
    <div
      className="welcome-message"
    >
      <h1>
        Welcome to Crypto Tracker
      </h1>
      <p
        className="welcome-main"
      >
        Platform which provides fast and reliable data about your favorite blockchain projects. The simplified overview of everything makes it easy to quickly navigate to the coins you have an interest in.
      </p>
      <div
        className="all-tickers"
      >
        <button
          className="tickers-btn"
          onClick={[Function]}
        >
          All Coins
        </button>
      </div>
    </div>
  </div>
  <div
    className="main-right"
  >
    <img
      alt=""
      src="/images/not-main.png"
    />
    <SearchBar />
  </div>
</div>
`;
